TRACKTIME 1621622412
TRACK DAL2312 B744 422146.6000 -710023.0000 300 110.75 172 ZOA ZOA46
    FP_ROUTE KBOS.<>.CAM..TULEG....VIXIS..JAKEY..JUVAG..CESNA..DPR..MLD..MVA.DYAMD5.I28R.RW28R.<{"id": "Rwy_04_018"}, {"id": "Txy_S_002"}, {"id": "Txy_S2_002"}, {"id": "Txy_S_001"}, {"id": "Txy_S_R"}, {"id": "Txy_Z_R"}, {"id": "Txy_Z_S1"}, {"id": "Txy_Z_B1"}, {"id": "Txy_Z_Q"}, {"id": "Txy_B_003"}, {"id": "Txy_Q1_001"}, {"id": "Txy_A_014"}, {"id": "Txy_A_K"}, {"id": "Txy_A_013"}, {"id": "Txy_A_012"}, {"id": "Txy_A_011"}, {"id": "Ramp_05_007"}, {"id": "Ramp_05_008"}, {"id": "Gate_E_067"}>.KSFO

TRACKTIME 1621622422
TRACK UAL2377 B744 373715.4020 -1222318.5892 0 0.13 28 ZOA ZOA46
    FP_ROUTE KSFO.<{"id": "Gate_F_082"}, {"id": "Ramp_06_009"}, {"id": "Txy_A_014"}, {"id": "Txy_A_K"}, {"id": "Txy_A_013"}, {"id": "Txy_A_012"}, {"id": "Txy_A_011"}, {"id": "Txy_A_D"}, {"id": "Txy_A_010"}, {"id": "Txy_A_E"}, {"id": "Txy_A_009"}, {"id": "Txy_A_F1"}, {"id": "Txy_A_008"}, {"id": "Txy_A_G"}, {"id": "Txy_A_007"}, {"id": "Txy_A_006"}, {"id": "Txy_A_005"}, {"id": "Txy_A_H"}, {"id": "Txy_A_004"}, {"id": "Txy_A_M"}, {"id": "Txy_A_003"}, {"id": "Txy_A_002"}, {"id": "Txy_A_A1"}, {"id": "Txy_A_001"}, {"id": "Rwy_02_001"}, {"id": "Rwy_02_002"}>.RW01R.SAC..REO..<>.KBOI

TRACKTIME 1621622432
TRACK UAL863 B744 373708.5476 -1222336.0384 0 0.13 28 ZOA ZOA46
    FP_ROUTE KSFO.<{"id": "Gate_G_100"}, {"id": "Ramp_07_007"}, {"id": "Txy_B_B5"}, {"id": "Txy_B5_001"}, {"id": "Txy_A_B4"}, {"id": "Txy_A_B3"}, {"id": "Txy_A_B2"}, {"id": "Txy_A_B1"}, {"id": "Txy_A_016"}, {"id": "Txy_A_015"}, {"id": "Txy_A_012"}, {"id": "Txy_A_011"}, {"id": "Txy_A_D"}, {"id": "Txy_A_010"}, {"id": "Txy_A_E"}, {"id": "Txy_A_B"}, {"id": "Txy_F_010"}, {"id": "Txy_F_009"}, {"id": "Rwy_01_005"}, {"id": "Txy_F_008"}, {"id": "Txy_F_007"}, {"id": "Rwy_02_006"}, {"id": "Txy_F_006"}, {"id": "Txy_F_L"}, {"id": "Txy_F_005"}, {"id": "Txy_F_N"}, {"id": "Txy_F_004"}, {"id": "Txy_F_003"}, {"id": "Txy_F_002"}, {"id": "Txy_F_001"}, {"id": "Rwy_03_001"}>.RW28L.RBL..FMG..LLC..BAM..ONL..JAVAS..BDF.<>.KMDW

TRACKTIME 1621622442
TRACK DAL806 B744 373653.4564 -1222301.2408 0 0.13 28 ZOA ZOA46
    FP_ROUTE KSFO.<{"id": "Gate_C_040"}, {"id": "Ramp_03_001"}, {"id": "Ramp_03_002"}, {"id": "Ramp_03_003"}, {"id": "Ramp_03_004"}, {"id": "Txy_A_007"}, {"id": "Txy_A_006"}, {"id": "Txy_A_005"}, {"id": "Txy_A_H"}, {"id": "Txy_A_004"}, {"id": "Txy_A_M"}, {"id": "Txy_A_003"}, {"id": "Txy_A_002"}, {"id": "Txy_A_A1"}, {"id": "Txy_A_001"}, {"id": "Rwy_02_001"}, {"id": "Rwy_02_002"}>.RW01R.MVA..EKR..DVV..MCK..PWE..IRK..CAP..DNV.<>.KCVG

TRACKTIME 1621622452
TRACK UAL748 B744 385650.8000 -772735.8000 240 100.00 310 ZOA ZOA46
    FP_ROUTE KIAD.<>.LDN..HNN..BUM..GCK..MLF..OAL.DYAMD5.I28R.RW28R.<{"id": "Rwy_04_018"}, {"id": "Txy_S_002"}, {"id": "Txy_S2_002"}, {"id": "Txy_S_001"}, {"id": "Txy_S_R"}, {"id": "Txy_Z_R"}, {"id": "Txy_Z_S1"}, {"id": "Txy_Z_B1"}, {"id": "Txy_Z_Q"}, {"id": "Txy_B_003"}, {"id": "Txy_Q1_001"}, {"id": "Txy_A_014"}, {"id": "Txy_A_K"}, {"id": "Txy_A_013"}, {"id": "Txy_A_012"}, {"id": "Txy_A_011"}, {"id": "Txy_A_D"}, {"id": "Txy_A_010"}, {"id": "Txy_A_E"}, {"id": "Txy_A_009"}, {"id": "Txy_A_F1"}, {"id": "Txy_A_008"}, {"id": "Txy_A_G"}, {"id": "Txy_A_007"}, {"id": "Ramp_03_004"}, {"id": "Gate_B_32BC"}>.KSFO

TRACKTIME 1621622462
TRACK UAL210 B744 360448.2000 -1150908.1000 190 100.00 309 ZOA ZOA46
    FP_ROUTE KLAS.<>.BTY..BTY..DYAMD5.I28R.RW28R.<{"id": "Rwy_04_018"}, {"id": "Txy_S_002"}, {"id": "Txy_S2_002"}, {"id": "Txy_S_001"}, {"id": "Txy_S_R"}, {"id": "Txy_Z_R"}, {"id": "Txy_Z_S1"}, {"id": "Txy_Z_B1"}, {"id": "Txy_B_B1"}, {"id": "Txy_B_B2"}, {"id": "Txy_A_B2"}, {"id": "Txy_A_B3"}, {"id": "Txy_A_B4"}, {"id": "Ramp_06_015"}, {"id": "Ramp_06_016"}, {"id": "Ramp_06_017"}, {"id": "Ramp_06_018"}, {"id": "Ramp_06_019"}, {"id": "Ramp_06_020"}, {"id": "Gate_F_081"}>.KSFO

TRACKTIME 1621622472
TRACK JBU1715 B744 403823.7300 -734643.3000 191 100.00 310 ZOA ZOA46
    FP_ROUTE KJFK.<>.BUF..GRB..GEP..ABR..MLD..MVA.DYAMD5.I28R.RW28R.<{"id": "Rwy_04_018"}, {"id": "Txy_S_002"}, {"id": "Txy_S2_002"}, {"id": "Txy_S_001"}, {"id": "Txy_S_R"}, {"id": "Txy_Z_R"}, {"id": "Txy_Z_S1"}, {"id": "Txy_Z_B1"}, {"id": "Txy_B_B1"}, {"id": "Txy_B_B2"}, {"id": "Txy_A_B2"}, {"id": "Txy_A_B3"}, {"id": "Ramp_06_013"}, {"id": "Gate_F_088"}>.KSFO

TRACKTIME 1621622482
TRACK EJA110 B744 334904.5500 -1180906.8100 122 100.00 316 ZOA ZOA46
    FP_ROUTE KLGB.<>.RZS..DYAMD5.I28R.RW28R.<{"id": "Rwy_04_018"}, {"id": "Txy_S_002"}, {"id": "Txy_S2_002"}, {"id": "Txy_S_001"}, {"id": "Txy_S_R"}, {"id": "Txy_Z_R"}, {"id": "Txy_Z_S1"}, {"id": "Txy_Z_B1"}, {"id": "Txy_Z_Q"}, {"id": "Txy_B_003"}, {"id": "Txy_Q1_001"}, {"id": "Txy_A_014"}, {"id": "Txy_A_K"}, {"id": "Txy_A_013"}, {"id": "Txy_A_012"}, {"id": "Txy_A_011"}, {"id": "Txy_A_D"}, {"id": "Txy_A_010"}, {"id": "Txy_A_E"}, {"id": "Txy_A_009"}, {"id": "Txy_A_F1"}, {"id": "Txy_A_008"}, {"id": "Ramp_04_004"}, {"id": "Ramp_04_003"}, {"id": "Ramp_04_002"}, {"id": "Gate_D_51A"}>.KSFO

TRACKTIME 1621622492
TRACK AAL1742 B744 395142.0000 -1044023.4000 174 100.00 308 ZOA ZOA46
    FP_ROUTE KDEN.<>.EKR..OAL.DYAMD5.I28R.RW28R.<{"id": "Rwy_04_018"}, {"id": "Txy_S_002"}, {"id": "Txy_S2_002"}, {"id": "Txy_S_001"}, {"id": "Txy_S_R"}, {"id": "Txy_Z_R"}, {"id": "Txy_Z_S1"}, {"id": "Txy_Z_B1"}, {"id": "Txy_Z_Q"}, {"id": "Txy_B_003"}, {"id": "Txy_Q1_001"}, {"id": "Txy_A_014"}, {"id": "Txy_A_K"}, {"id": "Txy_A_013"}, {"id": "Txy_A_012"}, {"id": "Txy_A_011"}, {"id": "Txy_A_D"}, {"id": "Txy_A_010"}, {"id": "Ramp_04_011"}, {"id": "Gate_D_56B"}>.KSFO

TRACKTIME 1621622502
TRACK JBU333 B744 351249.5000 -805656.6000 104 110.94 154 ZOA ZOA46
    FP_ROUTE KCLT.<>.GQO..RZC..ICT..PUB..HBU..HVE..MLF..OAL.DYAMD5.I28R.RW28R.<{"id": "Rwy_04_018"}, {"id": "Txy_S_002"}, {"id": "Txy_S2_002"}, {"id": "Txy_S_001"}, {"id": "Txy_S_R"}, {"id": "Txy_Z_R"}, {"id": "Txy_Z_S1"}, {"id": "Txy_Z_B1"}, {"id": "Txy_Z_Q"}, {"id": "Txy_B_003"}, {"id": "Txy_Q1_001"}, {"id": "Txy_A_014"}, {"id": "Txy_A_K"}, {"id": "Txy_A_013"}, {"id": "Txy_A_012"}, {"id": "Txy_A_011"}, {"id": "Txy_A_D"}, {"id": "Txy_A_010"}, {"id": "Txy_A_E"}, {"id": "Txy_A_009"}, {"id": "Txy_A_F1"}, {"id": "Txy_A_008"}, {"id": "Ramp_04_004"}, {"id": "Ramp_04_003"}, {"id": "Ramp_04_002"}, {"id": "Gate_D_51A"}>.KSFO

