TRACKTIME 1557561268
TRACK UAL748 B744 472659.6000 -1221842.4000 240 100.00 310 ZOA ZOA46
    FP_ROUTE KSEA.<>.OLM..EASON..DYAMD5.I28R.RW28R.<{"id": "Rwy_04_018"}, {"id": "Txy_S_002"}, {"id": "Txy_S2_002"}, {"id": "Txy_S_001"}, {"id": "Txy_S_R"}, {"id": "Txy_Z_R"}, {"id": "Txy_Z_S1"}, {"id": "Txy_Z_B1"}, {"id": "Txy_Z_Q"}, {"id": "Txy_B_003"}, {"id": "Txy_Q1_001"}, {"id": "Txy_A_014"}, {"id": "Txy_A_K"}, {"id": "Txy_A_013"}, {"id": "Txy_A_012"}, {"id": "Txy_A_011"}, {"id": "Txy_A_D"}, {"id": "Txy_A_010"}, {"id": "Txy_A_E"}, {"id": "Txy_A_009"}, {"id": "Txy_A_F1"}, {"id": "Txy_A_008"}, {"id": "Txy_A_G"}, {"id": "Txy_A_007"}, {"id": "Ramp_03_004"}, {"id": "Ramp_03_003"}, {"id": "Gate_B_025"}>.KSFO

TRACKTIME 1557561560
TRACK UAL210 B744 472659.6000 -1221842.4000 190 100.00 309 ZOA ZOA46
    FP_ROUTE KSEA.<>.OLM..EASON..DYAMD5.I28R.RW28R.<{"id": "Rwy_04_018"}, {"id": "Txy_S_002"}, {"id": "Txy_S2_002"}, {"id": "Txy_S_001"}, {"id": "Txy_S_R"}, {"id": "Txy_Z_R"}, {"id": "Txy_Z_S1"}, {"id": "Txy_Z_B1"}, {"id": "Txy_B_B1"}, {"id": "Txy_B_B2"}, {"id": "Txy_A_B2"}, {"id": "Txy_A_B3"}, {"id": "Txy_A_B4"}, {"id": "Ramp_06_015"}, {"id": "Ramp_06_016"}, {"id": "Ramp_06_017"}, {"id": "Ramp_06_018"}, {"id": "Ramp_06_019"}, {"id": "Ramp_06_020"}, {"id": "Gate_F_081"}>.KSFO

TRACKTIME 1557557855
TRACK JBU1715 B744 472659.6000 -1221842.4000 191 100.00 310 ZOA ZOA46
    FP_ROUTE KSEA.<>.OLM..EASON..DYAMD5.I28R.RW28R.<{"id": "Rwy_04_018"}, {"id": "Txy_S_002"}, {"id": "Txy_S2_002"}, {"id": "Txy_S_001"}, {"id": "Txy_S_R"}, {"id": "Txy_Z_R"}, {"id": "Txy_Z_S1"}, {"id": "Txy_Z_B1"}, {"id": "Txy_B_B1"}, {"id": "Txy_B_B2"}, {"id": "Txy_B_B3"}, {"id": "Txy_B_B4"}, {"id": "Txy_B_B5"}, {"id": "Ramp_07_008"}, {"id": "Ramp_07_010"}, {"id": "Ramp_07_011"}, {"id": "Ramp_07_012"}, {"id": "Ramp_07_013"}, {"id": "Ramp_07_014"}, {"id": "Gate_G_093"}>.KSFO

TRACKTIME 1557561748
TRACK EJA110 B744 472659.6000 -1221842.4000 122 100.00 316 ZOA ZOA46
    FP_ROUTE KSEA.<>.OLM..EASON..DYAMD5.I28R.RW28R.<{"id": "Rwy_04_018"}, {"id": "Txy_S_002"}, {"id": "Txy_S2_002"}, {"id": "Txy_S_001"}, {"id": "Txy_S_R"}, {"id": "Txy_Z_R"}, {"id": "Txy_Z_S1"}, {"id": "Txy_Z_B1"}, {"id": "Txy_Z_Q"}, {"id": "Txy_B_003"}, {"id": "Txy_Q1_001"}, {"id": "Txy_A_014"}, {"id": "Txy_A_K"}, {"id": "Txy_A_013"}, {"id": "Txy_A_012"}, {"id": "Txy_A_011"}, {"id": "Txy_A_D"}, {"id": "Txy_A_010"}, {"id": "Txy_A_E"}, {"id": "Txy_A_009"}, {"id": "Txy_A_F1"}, {"id": "Txy_A_008"}, {"id": "Txy_A_G"}, {"id": "Txy_A_007"}, {"id": "Ramp_03_004"}, {"id": "Ramp_03_003"}, {"id": "Ramp_03_002"}, {"id": "Gate_B_031"}>.KSFO

TRACKTIME 1557561907
TRACK AAL1742 B744 472659.6000 -1221842.4000 174 100.00 308 ZOA ZOA46
    FP_ROUTE KSEA.<>.OLM..EASON..DYAMD5.I28R.RW28R.<{"id": "Rwy_04_018"}, {"id": "Txy_S_002"}, {"id": "Txy_S2_002"}, {"id": "Txy_S_001"}, {"id": "Txy_S_R"}, {"id": "Txy_Z_R"}, {"id": "Txy_Z_S1"}, {"id": "Txy_Z_B1"}, {"id": "Txy_Z_Q"}, {"id": "Txy_B_003"}, {"id": "Txy_Q1_001"}, {"id": "Txy_A_014"}, {"id": "Txy_A_K"}, {"id": "Txy_A_013"}, {"id": "Txy_A_012"}, {"id": "Txy_A_011"}, {"id": "Txy_A_D"}, {"id": "Txy_A_010"}, {"id": "Ramp_04_011"}, {"id": "Gate_D_56B"}>.KSFO

TRACKTIME 1557561316
TRACK JBU333 B744 472659.6000 -1221842.4000 104 110.94 154 ZOA ZOA46
    FP_ROUTE KSEA.<>.OLM..EASON..DYAMD5.I28R.RW28R.<{"id": "Rwy_04_018"}, {"id": "Txy_S_002"}, {"id": "Txy_S2_002"}, {"id": "Txy_S_001"}, {"id": "Txy_S_R"}, {"id": "Txy_Z_R"}, {"id": "Txy_Z_S1"}, {"id": "Txy_Z_B1"}, {"id": "Txy_Z_Q"}, {"id": "Txy_B_003"}, {"id": "Txy_Q1_001"}, {"id": "Txy_A_014"}, {"id": "Txy_A_K"}, {"id": "Txy_A_013"}, {"id": "Txy_A_012"}, {"id": "Txy_A_011"}, {"id": "Txy_A_D"}, {"id": "Txy_A_010"}, {"id": "Txy_A_E"}, {"id": "Txy_A_009"}, {"id": "Txy_A_F1"}, {"id": "Txy_A_008"}, {"id": "Txy_A_G"}, {"id": "Txy_A_007"}, {"id": "Txy_A_006"}, {"id": "Txy_A_005"}, {"id": "Txy_A_H"}, {"id": "Txy_A_004"}, {"id": "Txy_H_006"}, {"id": "Txy_H_005"}, {"id": "Txy_H_004"}, {"id": "Txy_H_003"}, {"id": "Txy_H_002"}, {"id": "Txy_H_001"}, {"id": "Txy_M_H"}, {"id": "Ramp_01_007"}, {"id": "Ramp_01_006"}, {"id": "Ramp_01_005"}, {"id": "Ramp_01_004"}, {"id": "Ramp_01_003"}, {"id": "Ramp_01_002"}, {"id": "Ramp_01_001"}, {"id": "Gate_A_008"}>.KSFO

